EN correlator NULL E:/receiver/receiver_Access_Layer/correlator.vhd sub00/vhpl06 1545137128
EN receiver_topfile_b NULL E:/receiver/receiver_TopFile/receiver_TopFile_b.vhd sub00/vhpl24 1545137146
EN despreading NULL E:/receiver/receiver_Access_Layer/despreading.vhd sub00/vhpl08 1545137130
AR despreading behav E:/receiver/receiver_Access_Layer/despreading.vhd sub00/vhpl09 1545137131
AR datalatch behav E:/receiver/receiver_App_Layer/dataLatch.vhd sub00/vhpl01 1545137123
AR dpll behav E:/receiver/receiver_Access_Layer/dpll.vhd sub00/vhpl11 1545137133
AR pngeneratorandnco behav E:/receiver/receiver_Access_Layer/pN_Generator_and_NCO.vhd sub00/vhpl15 1545137137
EN zevensegdecoderreceiver NULL E:/receiver/receiver_App_Layer/zevensegDecoderReceiver.vhd sub00/vhpl02 1545137124
AR clkdiv behav E:/receiver/receiver_ClkDiv/ClkDiv_voor_Receiver.vhd sub00/vhpl23 1545137145
EN matchedfilter NULL E:/receiver/receiver_Access_Layer/matchedFilter.vhd sub00/vhpl12 1545137134
AR zevensegdecoderreceiver behav E:/receiver/receiver_App_Layer/zevensegDecoderReceiver.vhd sub00/vhpl03 1545137125
EN clkdiv NULL E:/receiver/receiver_ClkDiv/ClkDiv_voor_Receiver.vhd sub00/vhpl22 1545137144
EN datashiftregister NULL E:/receiver/receiver_Datalink_Layer/dataShiftRegister.vhd sub00/vhpl04 1545137126
AR matchedfilter behav E:/receiver/receiver_Access_Layer/matchedFilter.vhd sub00/vhpl13 1545137135
AR correlator behav E:/receiver/receiver_Access_Layer/correlator.vhd sub00/vhpl07 1545137129
EN receiver_datalinklayer NULL E:/receiver/receiver_Datalink_Layer/receiver_Datalink_Layer.vhd sub00/vhpl18 1545137140
EN receiver_applayer NULL E:/receiver/receiver_App_Layer/receiver_App_Layer.vhd sub00/vhpl20 1545137142
EN dpll NULL E:/receiver/receiver_Access_Layer/dpll.vhd sub00/vhpl10 1545137132
EN receivermetclkdiv_b NULL E:/receiver/receiver_ClkDiv/receiverMetClkDiv.vhd sub00/vhpl26 1545137148
AR receiver_datalinklayer behav E:/receiver/receiver_Datalink_Layer/receiver_Datalink_Layer.vhd sub00/vhpl19 1545137141
AR receiver_topfile_b behav E:/receiver/receiver_TopFile/receiver_TopFile_b.vhd sub00/vhpl25 1545137147
EN datalatch NULL E:/receiver/receiver_App_Layer/dataLatch.vhd sub00/vhpl00 1545137122
AR datashiftregister behav E:/receiver/receiver_Datalink_Layer/dataShiftRegister.vhd sub00/vhpl05 1545137127
EN receiver_acceslayer NULL E:/receiver/receiver_Access_Layer/receiver_Access_Layer.vhd sub00/vhpl16 1545137138
AR receivermetclkdiv_b behav E:/receiver/receiver_ClkDiv/receiverMetClkDiv.vhd sub00/vhpl27 1545137149
AR receiver_applayer behav E:/receiver/receiver_App_Layer/receiver_App_Layer.vhd sub00/vhpl21 1545137143
AR receiver_acceslayer behav E:/receiver/receiver_Access_Layer/receiver_Access_Layer.vhd sub00/vhpl17 1545137139
EN pngeneratorandnco NULL E:/receiver/receiver_Access_Layer/pN_Generator_and_NCO.vhd sub00/vhpl14 1545137136
