--------------------------------------------------------------------------------
Release 10.1 Trace  (nt)
Copyright (c) 1995-2008 Xilinx, Inc.  All rights reserved.

C:\Xilinx\10.1\ISE\bin\nt\unwrapped\trce.exe -ise
E:/receiver/Xilinx/draai/draai.ise -intstyle ise -e 3 -s 7 -xml
receiverMetClkDiv_b receiverMetClkDiv_b.ncd -o receiverMetClkDiv_b.twr
receiverMetClkDiv_b.pcf -ucf E:/receiver/receiver_xup_dsss.ucf

Design file:              receiverMetClkDiv_b.ncd
Physical constraint file: receiverMetClkDiv_b.pcf
Device,package,speed:     xc2vp30,ff896,-7 (PRODUCTION 1.94 2008-01-09)
Report level:             error report

Environment Variable      Effect 
--------------------      ------ 
NONE                      No environment variables were set
--------------------------------------------------------------------------------

INFO:Timing:2752 - To get complete path coverage, use the unconstrained paths 
   option. All paths that are not constrained will be reported in the 
   unconstrained paths section(s) of the report.
INFO:Timing:3339 - The clock-to-out numbers in this timing report are based on 
   a 50 Ohm transmission line loading model.  For the details of this model, 
   and for more information on accounting for different loading conditions, 
   please see the device datasheet.

================================================================================
Timing constraint: NET "clk_100mhz_BUFGP/IBUFG" PERIOD = 10 ns HIGH 50%;

 2725 paths analyzed, 185 endpoints analyzed, 0 failing endpoints
 0 timing errors detected. (0 setup errors, 0 hold errors)
 Minimum period is   5.978ns.
--------------------------------------------------------------------------------


All constraints were met.


Data Sheet report:
-----------------
All values displayed in nanoseconds (ns)

Clock to Setup on destination clock clk_100mhz
---------------+---------+---------+---------+---------+
               | Src:Rise| Src:Fall| Src:Rise| Src:Fall|
Source Clock   |Dest:Rise|Dest:Rise|Dest:Fall|Dest:Fall|
---------------+---------+---------+---------+---------+
clk_100mhz     |    5.978|         |         |         |
---------------+---------+---------+---------+---------+


Timing summary:
---------------

Timing errors: 0  Score: 0

Constraints cover 2725 paths, 0 nets, and 686 connections

Design statistics:
   Minimum period:   5.978ns   (Maximum frequency: 167.280MHz)


Analysis completed Tue Dec 18 13:45:45 2018 
--------------------------------------------------------------------------------

Trace Settings:
-------------------------
Trace Settings 

Peak Memory Usage: 177 MB



