AR datalinklayer behav E:/3BaICT/Ruben/VHDL2.2Versie4/verzender/sender_Datalink_Layer/sender_Datalink_Layer.vhd sub00/vhpl19 1544701711
EN pngenerator NULL E:/3BaICT/Ruben/VHDL2.2Versie4/verzender/sender_Access_Layer/pnGenerator.vhd sub00/vhpl00 1544701692
AR zevensegdecoder behav E:/3BaICT/Ruben/VHDL2.2Versie4/verzender/sender_APP_Layer/zevensegDecoder.vhd sub00/vhpl13 1544701705
EN applayer NULL E:/3BaICT/Ruben/VHDL2.2Versie4/verzender/sender_APP_Layer/sender_App_layer.vhd sub00/vhpl16 1544701708
AR udcounter behav E:/3BaICT/Ruben/VHDL2.2Versie4/verzender/sender_APP_Layer/udCounter.vhd sub00/vhpl15 1544701707
AR sendermetckldiv_b behav E:/3BaICT/Ruben/VHDL2.2Versie4/verzender/sender_ClkDiv/senderMetClkDiv_b.vhd sub00/vhpl27 1544701719
AR sequencecontroller behav E:/3BaICT/Ruben/VHDL2.2Versie4/verzender/sender_Datalink_Layer/sequenceController.vhd sub00/vhpl03 1544701695
AR clkdiv behav E:/3BaICT/Ruben/VHDL2.2Versie4/verzender/sender_ClkDiv/ClkDiv_voor_Sender.vhd sub00/vhpl25 1544701717
EN dataregister NULL E:/3BaICT/Ruben/VHDL2.2Versie4/verzender/sender_Datalink_Layer/dataregister.vhd sub00/vhpl04 1544701696
AR pngenerator behav E:/3BaICT/Ruben/VHDL2.2Versie4/verzender/sender_Access_Layer/pnGenerator.vhd sub00/vhpl01 1544701693
AR applayer behav E:/3BaICT/Ruben/VHDL2.2Versie4/verzender/sender_APP_Layer/sender_App_layer.vhd sub00/vhpl17 1544701709
EN clkdiv NULL E:/3BaICT/Ruben/VHDL2.2Versie4/verzender/sender_ClkDiv/ClkDiv_voor_Sender.vhd sub00/vhpl24 1544701716
AR acceslayer behav E:/3BaICT/Ruben/VHDL2.2Versie4/verzender/sender_Access_Layer/sender_Acces_layer.vhd sub00/vhpl21 1544701713
EN datalinklayer NULL E:/3BaICT/Ruben/VHDL2.2Versie4/verzender/sender_Datalink_Layer/sender_Datalink_Layer.vhd sub00/vhpl18 1544701710
EN sendermetckldiv_b NULL E:/3BaICT/Ruben/VHDL2.2Versie4/verzender/sender_ClkDiv/senderMetClkDiv_b.vhd sub00/vhpl26 1544701718
EN sequencecontroller NULL E:/3BaICT/Ruben/VHDL2.2Versie4/verzender/sender_Datalink_Layer/sequenceController.vhd sub00/vhpl02 1544701694
EN edge NULL E:/3BaICT/Ruben/VHDL2.2Versie4/verzender/sender_APP_Layer/edge.vhd sub00/vhpl08 1544701700
EN udcounter NULL E:/3BaICT/Ruben/VHDL2.2Versie4/verzender/sender_APP_Layer/udCounter.vhd sub00/vhpl14 1544701706
EN acceslayer NULL E:/3BaICT/Ruben/VHDL2.2Versie4/verzender/sender_Access_Layer/sender_Acces_layer.vhd sub00/vhpl20 1544701712
AR debouncer behav E:/3BaICT/Ruben/VHDL2.2Versie4/verzender/sender_APP_Layer/debouncer.vhd sub00/vhpl07 1544701699
AR edge behav E:/3BaICT/Ruben/VHDL2.2Versie4/verzender/sender_APP_Layer/edge.vhd sub00/vhpl09 1544701701
EN debouncer NULL E:/3BaICT/Ruben/VHDL2.2Versie4/verzender/sender_APP_Layer/debouncer.vhd sub00/vhpl06 1544701698
EN zevensegdecoder NULL E:/3BaICT/Ruben/VHDL2.2Versie4/verzender/sender_APP_Layer/zevensegDecoder.vhd sub00/vhpl12 1544701704
AR posenc behav E:/3BaICT/Ruben/VHDL2.2Versie4/verzender/sender_APP_Layer/posenc.vhd sub00/vhpl11 1544701703
EN posenc NULL E:/3BaICT/Ruben/VHDL2.2Versie4/verzender/sender_APP_Layer/posenc.vhd sub00/vhpl10 1544701702
EN sender_topfile_b NULL E:/3BaICT/Ruben/VHDL2.2Versie4/verzender/sender_TopFile/sender_TopFile.vhd sub00/vhpl22 1544701714
AR dataregister behav E:/3BaICT/Ruben/VHDL2.2Versie4/verzender/sender_Datalink_Layer/dataregister.vhd sub00/vhpl05 1544701697
AR sender_topfile_b behav E:/3BaICT/Ruben/VHDL2.2Versie4/verzender/sender_TopFile/sender_TopFile.vhd sub00/vhpl23 1544701715
